// Jest Snapshot v1, https://goo.gl/fbAQLP

exports[`Card Component matches snapshot 1`] = `
ShallowWrapper {
  Symbol(enzyme.__root__): [Circular],
  Symbol(enzyme.__unrendered__): <Default Card Component
    author=""
    description="description"
    image=""
    resourcePath="resourcePath"
    resourceType=""
    title="title"
  />,
  Symbol(enzyme.__renderer__): Object {
    "batchedUpdates": [Function],
    "getNode": [Function],
    "render": [Function],
    "simulateError": [Function],
    "simulateEvent": [Function],
    "unmount": [Function],
  },
  Symbol(enzyme.__node__): Object {
    "instance": null,
    "key": undefined,
    "nodeType": "function",
    "props": Object {
      "author": "",
      "children": <div
        className="Body"
      >
        <Dotdotdot
          clamp={4}
          className="BodyDescription"
          tagName="div"
          truncationChar="…"
          useNativeClamp={true}
        >
          <p>
            description
          </p>
        </Dotdotdot>
        <div
          className="BodyImage"
        />
      </div>,
      "resourcePath": "resourcePath",
      "resourceType": "",
      "title": "title",
    },
    "ref": null,
    "rendered": Object {
      "instance": null,
      "key": undefined,
      "nodeType": "host",
      "props": Object {
        "children": Array [
          <Dotdotdot
            clamp={4}
            className="BodyDescription"
            tagName="div"
            truncationChar="…"
            useNativeClamp={true}
          >
            <p>
              description
            </p>
          </Dotdotdot>,
          <div
            className="BodyImage"
          />,
        ],
        "className": "Body",
      },
      "ref": null,
      "rendered": Array [
        Object {
          "instance": null,
          "key": undefined,
          "nodeType": "class",
          "props": Object {
            "children": <p>
              description
            </p>,
            "clamp": 4,
            "className": "BodyDescription",
            "tagName": "div",
            "truncationChar": "…",
            "useNativeClamp": true,
          },
          "ref": null,
          "rendered": Object {
            "instance": null,
            "key": undefined,
            "nodeType": "host",
            "props": Object {
              "children": "description",
            },
            "ref": null,
            "rendered": "description",
            "type": "p",
          },
          "type": [Function],
        },
        Object {
          "instance": null,
          "key": undefined,
          "nodeType": "host",
          "props": Object {
            "children": null,
            "className": "BodyImage",
          },
          "ref": null,
          "rendered": null,
          "type": "div",
        },
      ],
      "type": "div",
    },
    "type": [Function],
  },
  Symbol(enzyme.__nodes__): Array [
    Object {
      "instance": null,
      "key": undefined,
      "nodeType": "function",
      "props": Object {
        "author": "",
        "children": <div
          className="Body"
        >
          <Dotdotdot
            clamp={4}
            className="BodyDescription"
            tagName="div"
            truncationChar="…"
            useNativeClamp={true}
          >
            <p>
              description
            </p>
          </Dotdotdot>
          <div
            className="BodyImage"
          />
        </div>,
        "resourcePath": "resourcePath",
        "resourceType": "",
        "title": "title",
      },
      "ref": null,
      "rendered": Object {
        "instance": null,
        "key": undefined,
        "nodeType": "host",
        "props": Object {
          "children": Array [
            <Dotdotdot
              clamp={4}
              className="BodyDescription"
              tagName="div"
              truncationChar="…"
              useNativeClamp={true}
            >
              <p>
                description
              </p>
            </Dotdotdot>,
            <div
              className="BodyImage"
            />,
          ],
          "className": "Body",
        },
        "ref": null,
        "rendered": Array [
          Object {
            "instance": null,
            "key": undefined,
            "nodeType": "class",
            "props": Object {
              "children": <p>
                description
              </p>,
              "clamp": 4,
              "className": "BodyDescription",
              "tagName": "div",
              "truncationChar": "…",
              "useNativeClamp": true,
            },
            "ref": null,
            "rendered": Object {
              "instance": null,
              "key": undefined,
              "nodeType": "host",
              "props": Object {
                "children": "description",
              },
              "ref": null,
              "rendered": "description",
              "type": "p",
            },
            "type": [Function],
          },
          Object {
            "instance": null,
            "key": undefined,
            "nodeType": "host",
            "props": Object {
              "children": null,
              "className": "BodyImage",
            },
            "ref": null,
            "rendered": null,
            "type": "div",
          },
        ],
        "type": "div",
      },
      "type": [Function],
    },
  ],
  Symbol(enzyme.__options__): Object {
    "adapter": ReactSixteenAdapter {
      "options": Object {
        "enableComponentDidUpdateOnSetState": true,
        "lifecycles": Object {
          "componentDidUpdate": Object {
            "onSetState": true,
          },
          "getDerivedStateFromProps": true,
          "getSnapshotBeforeUpdate": true,
          "setState": Object {
            "skipsComponentDidUpdateOnNullish": true,
          },
        },
      },
    },
  },
}
`;
